ï¿½ï¿½A%ï¿½Speed      : 40MHz[0m
[0;ï¿½ets Jun  8 2016 00:22:57

rst:0x1 (POWERON_RESET),boot:0x13 (SPI_FAST_FLASH_BOOT)
configsip: 0, SPIWP:0xee
clk_drv:0x00,q_drv:0x00,d_drv:0x00,cs0_drv:0x00,hd_drv:0x00,wp_drv:0x00
mode:DIO, clock div:2
load:0x3fff0030,len:7176
load:0x40078000,len:15564
ho 0 tail 12 room 4
load:0x40080400,len:4
load:0x40080404,len:3904
entry 0x40080640
[0;32mI (30) boot: ESP-IDF v5.3.1 2nd stage bootloader[0m
[0;32mI (30) boot: compile time Sep 18 2024 11:16:03[0m
[0;32mI (31) boot: Multicore bootloader[0m
[0;32mI (35) boot: chip revision: v1.0[0m
[0;32mI (38) boot.esp32: SPI Speed      : 40MHz[0m
[0;32mI (43) boot.esp32: SPI Mode       : DIO[0m
[0;32mI (48) boot.esp32: SPI Flash Size : 2MB[0m
[0;32mI (52) boot: Enabling RNG early entropy source...[0m
[0;32mI (58) boot: Partition Table:[0m
[0;32mI (61) boot: ## Label            Usage          Type ST Offset   Length[0m
[0;32mI (68) boot:  0 nvs              WiFi data        01 02 00009000 00006000[0m
[0;32mI (76) boot:  1 phy_init         RF data          01 01 0000f000 00001000[0m
[0;32mI (83) boot:  2 factory          factory app      00 00 00010000 00100000[0m
[0;32mI (91) boot: End of partition table[0m
[0;32mI (95) esp_image: segment 0: paddr=00010020 vaddr=3f400020 size=0acech ( 44268) map[0m
[0;32mI (119) esp_image: segment 1: paddr=0001ad14 vaddr=3ffb0000 size=02478h (  9336) load[0m
[0;32mI (122) esp_image: segment 2: paddr=0001d194 vaddr=40080000 size=02e84h ( 11908) load[0m
[0;32mI (129) esp_image: segment 3: paddr=00020020 vaddr=400d0020 size=16284h ( 90756) map[0m
[0;32mI (164) esp_image: segment 4: paddr=000362ac vaddr=40082e84 size=0b56ch ( 46444) load[0m
[0;32mI (190) boot: Loaded app from partition at offset 0x10000[0m
[0;32mI (190) boot: Disabling RNG early entropy source...[0m
[0;32mI (202) cpu_start: Multicore app[0m
[0;32mI (210) cpu_start: Pro cpu start user code[0m
[0;32mI (210) cpu_start: cpu freq: 160000000 Hz[0m
[0;32mI (210) app_init: Application information:[0m
[0;32mI (213) app_init: Project name:     main[0m
[0;32mI (218) app_init: App version:      1[0m
[0;32mI (222) app_init: Compile time:     Sep 18 2024 19:59:06[0m
[0;32mI (228) app_init: ELF file SHA256:  ae4ffd7a8...[0m
[0;32mI (233) app_init: ESP-IDF:          v5.3.1[0m
[0;32mI (238) efuse_init: Min chip rev:     v0.0[0m
[0;32mI (243) efuse_init: Max chip rev:     v3.99 [0m
[0;32mI (248) efuse_init: Chip rev:         v1.0[0m
[0;32mI (253) heap_init: Initializing. RAM available for dynamic allocation:[0m
[0;32mI (260) heap_init: At 3FFAE6E0 len 00001920 (6 KiB): DRAM[0m
[0;32mI (266) heap_init: At 3FFB2DF0 len 0002D210 (180 KiB): DRAM[0m
[0;32mI (272) heap_init: At 3FFE0440 len 00003AE0 (14 KiB): D/IRAM[0m
[0;32mI (278) heap_init: At 3FFE4350 len 0001BCB0 (111 KiB): D/IRAM[0m
[0;32mI (285) heap_init: At 4008E3F0 len 00011C10 (71 KiB): IRAM[0m
[0;32mI (293) spi_flash: detected chip: generic[0m
[0;32mI (296) spi_flash: flash io: dio[0m
[0;33mW (300) spi_flash: Detected size(4096k) larger than the size in the binary image header(2048k). Using the size in the binary image header.[0m
[0;32mI (313) main_task: Started on CPU0[0m
[0;32mI (323) main_task: Calling app_main()[0m
[0;32mI (1323) VSPI: WHOAMI : 0x6B[0m
Being written: 0x0512
Being written: 0xE218
Being written: 0x9010
[0;32mI (1383) VSPI: WHO AM I: 0x6B[0m
[0;32mI (1383) VSPI: CTRL1: 0x90[0m
Crash Detected!
Crash Detected!
Crash Detected!
Crash Detected!
Crash Detected!
Crash Detected!
Crash Detected!
Crash Detected!
Crash Detected!
Crash Detected!
Crash Detected!
Crash Detected!
Crash Detected!
Crash Detected!
Crash Detected!
Crash Detected!
Crash Detected!
Crash Detected!
Crash Detected!
Crash Detected!
Crash Detected!
Crash Detected!
Crash Detected!
Crash Detected!
Crash Detected!
Crash Detected!
Crash Detected!
Crash Detected!
Crash Detected!
Crash Detected!
Crash Detected!
Crash Detected!
Crash Detected!
Crash Detected!
Crash Detected!
Crash Detected!
Crash Detected!
Crash Detected!
Crash Detected!
Crash Detected!
Crash Detected!
Crash Detected!
Crash Detected!
Crash Detected!
Crash Detected!
Crash Detected!
Crash Detected!
Crash Detected!
Crash Detected!
Crash Detected!
Crash Detected!
Crash Detected!
Crash Detected!
Crash Detected!
Crash Detected!
Crash Detected!
Crash Detected!
Crash Detected!
Crash Detected!
Crash Detected!
Crash Detected!
Crash Detected!
Crash Detected!
Crash Detected!
Crash Detected!
Crash Detected!
Crash Detected!
Crash Detected!
Crash Detected!
Crash Detected!
Crash Detected!
Crash Detected!
Crash Detected!
Crash Detected!
Crash Detected!
Crash Detected!
Crash Detected!
Crash Detected!
Crash Detected!
Crash Detected!
Crash Detected!
Crash Detected!
Crash Detected!
Crash Detected!
Crash Detected!
Crash Detected!
Crash Detected!
Crash Detected!
Crash Detected!
Crash Detected!
Crash Detected!
Crash Detected!
Crash Detected!
Crash Detected!
Crash Detected!
Crash Detected!
Crash Detected!
Crash Detected!
Crash Detected!
Crash Detected!
Crash Detected!
Crash Detected!
Crash Detected!
Crash Detected!
Crash Detected!
Crash Detected!
Crash Detected!
Crash Detected!
Crash Detected!
Crash Detected!
Crash Detected!
Crash Detected!
Crash Detected!
Crash Detected!
Crash Detected!
Crash Detected!
Crash Detected!
Crash Detected!
Crash Detected!
Crash Detected!
Crash Detected!
Crash Detected!
Crash Detected!
Crash Detected!
Crash Detected!
Crash Detected!
Crash Detected!
Crash Detected!
Crash Detected!
Crash Detected!
Crash Detected!
Crash Detected!
Crash Detected!
Crash Detected!
Crash Detected!
Crash Detected!
Crash Detected!
Crash Detected!
Crash Detected!
Crash Detected!
Crash Detected!
Crash Detected!
Crash Detected!
Crash Detected!
Crash Detected!
Crash Detected!
Crash Detected!
Crash Detected!
Crash Detected!
Crash Detected!
Crash Detected!
Crash Detected!
Crash Detected!
Crash Detected!
Crash Detected!
Crash Detected!
Crash Detected!
Crash Detected!
Crash Detected!
Crash Detected!
Crash Detected!
Crash Detected!
Crash Detected!
Crash Detected!
Crash Detected!
Crash Detected!
Crash Detected!
Crash Detected!
Crash Detected!
Crash Detected!
Crash Detected!
Crash Detected!
Crash Detected!
Crash Detected!
Crash Detected!
Crash Detected!
Crash Detected!
Crash Detected!
Crash Detected!
Crash Detected!
Crash Detected!
Crash Detected!
Crash Detected!
Crash Detected!
Crash Detected!
Crash Detected!
Crash Detected!
Crash Detected!
Crash Detected!
Crash Detected!
Crash Detected!
Crash Detected!
Crash Detected!
Crash Detected!
Crash Detected!
Crash Detected!
Crash Detected!
Crash Detected!
Crash Detected!
Crash Detected!
Crash Detected!
Crash Detected!
Crash Detected!
Crash Detected!
Crash Detected!
Crash Detected!
Crash Detected!
Crash Detected!
Crash Detected!
Crash Detected!
Crash Detected!
Crash Detected!
Crash Detected!
Crash Detected!
Crash Detected!
Crash Detected!
Crash Detected!
Crash Detected!
Crash Detected!
Crash Detected!
Crash Detected!
Crash Detected!
Crash Detected!
Crash Detected!
Crash Detected!
Crash Detected!
Crash Detected!
Crash Detected!
Crash Detected!
Crash Detected!
Crash Detected!
Crash Detected!
Crash Detected!
Crash Detected!
Crash Detected!
Crash Detected!
Crash Detected!
Crash Detected!
Crash Detected!
Crash Detected!
Crash Detected!
Crash Detected!
Crash Detected!
Crash Detected!
Crash Detected!
Crash Detected!
Crash Detected!
Crash Detected!
Crash Detected!
Crash Detected!
Crash Detected!
Crash Detected!
Crash Detected!
Crash Detected!
Crash Detected!
Crash Detected!
Crash Detected!
Crash Detected!
Crash Detected!
Crash Detected!
Crash Detected!
Crash Detected!
Crash Detected!
Crash Detected!
Crash Detected!
Crash Detected!
Crash Detected!
Crash Detected!
Crash Detected!
Crash Detected!
Crash Detected!
Crash Detected!
Crash Detected!
Crash Detected!
Crash Detected!
Crash Detected!
Crash Detected!
Crash Detected!
Crash Detected!
Crash Detected!
Crash Detected!
Crash Detected!
Crash Detected!
Crash Detected!
Crash Detected!
Crash Detected!
Crash Detected!
Crash Detected!
Crash Detected!
Crash Detected!
Crash Detected!
Crash Detected!
Crash Detected!
Crash Detected!
Crash Detected!
Crash Detected!
Crash Detected!
Crash Detected!
Crash Detected!
Crash Detected!
Crash Detected!
Crash Detected!
Crash Detected!
Crash Detected!
Crash Detected!
Crash Detected!
Crash Detected!
Crash Detected!
Crash Detected!
Crash Detected!
Crash Detected!
Crash Detected!
Crash Detected!
Crash Detected!
Crash Detected!
Crash Detected!
Crash Detected!
Crash Detected!
Crash Detected!
Crash Detected!
Crash Detected!
Crash Detected!
Crash Detected!
Crash Detected!
Crash Detected!
Crash Detected!
Crash Detected!
Crash Detected!
Crash Detected!
Crash Detected!
Crash Detected!
Crash Detected!
Crash Detected!
Crash Detected!
Crash Detected!
Crash Detected!
Crash Detected!
Crash Detected!
Crash Detected!
Crash Detected!
Crash Detected!
Crash Detected!
Crash Detected!
Crash Detected!
Crash Detected!
Crash Detected!
Crash Detected!
Crash Detected!
Crash Detected!
Crash Detected!
Crash Detected!
Crash Detected!
Crash Detected!
Crash Detected!
Crash Detected!
Crash Detected!
Crash Detected!
Crash Detected!
Crash Detected!
Crash Detected!
Crash Detected!
Crash Detected!
Crash Detected!
Crash Detected!
Crash Detected!
Crash Detected!
Crash Detected!
Crash Detected!
Crash Detected!
Crash Detected!
Crash Detected!
Crash Detected!
Crash Detected!
Crash Detected!
Crash Detected!
Crash Detected!
Crash Detected!
Crash Detected!
Crash Detected!
Crash Detected!
Crash Detected!
Crash Detected!
Crash Detected!
Crash Detected!
Crash Detected!
Crash Detected!
Crash Detected!
Crash Detected!
Crash Detected!
Crash Detected!
Crash Detected!
Crash Detected!
Crash Detected!
Crash Detected!
Crash Detected!
Crash Detected!
Crash Detected!
Crash Detected!
Crash Detected!
Crash Detected!
